---
source: crates/crisp-rust-emit/tests/emit_pipeline.rs
expression: cir_outline(&cir)
---
package math
module arith
  fn double(n)
  fn sum(a, b)
  fn product(a, b)
module floats
  fn add(a, b)
  fn mul(a, b)
  fn div(a, b)
  fn square(x)
  fn avg2(a, b)
  fn lap3(um, uc, up, dx)
  fn add_mix(a, n)
module main
  fn main()
