---
source: crates/crisp-resolve/tests/resolve_server.rs
expression: resolved
---
ResolvedCrate {
    crate_root: ".",
    modules: [
        ResolvedModule {
            module_path: "config",
            file: "./src/config.crp",
            imports: [
                ResolvedBinding {
                    local_name: "int",
                    symbol: SymbolKey {
                        module: "std.prelude",
                        name: "int",
                    },
                },
                ResolvedBinding {
                    local_name: "uint",
                    symbol: SymbolKey {
                        module: "std.prelude",
                        name: "uint",
                    },
                },
                ResolvedBinding {
                    local_name: "float",
                    symbol: SymbolKey {
                        module: "std.prelude",
                        name: "float",
                    },
                },
                ResolvedBinding {
                    local_name: "bool",
                    symbol: SymbolKey {
                        module: "std.prelude",
                        name: "bool",
                    },
                },
                ResolvedBinding {
                    local_name: "char",
                    symbol: SymbolKey {
                        module: "std.prelude",
                        name: "char",
                    },
                },
                ResolvedBinding {
                    local_name: "str",
                    symbol: SymbolKey {
                        module: "std.prelude",
                        name: "str",
                    },
                },
                ResolvedBinding {
                    local_name: "Never",
                    symbol: SymbolKey {
                        module: "std.prelude",
                        name: "Never",
                    },
                },
                ResolvedBinding {
                    local_name: "vec",
                    symbol: SymbolKey {
                        module: "std.prelude",
                        name: "vec",
                    },
                },
                ResolvedBinding {
                    local_name: "map",
                    symbol: SymbolKey {
                        module: "std.prelude",
                        name: "map",
                    },
                },
                ResolvedBinding {
                    local_name: "set",
                    symbol: SymbolKey {
                        module: "std.prelude",
                        name: "set",
                    },
                },
                ResolvedBinding {
                    local_name: "log",
                    symbol: SymbolKey {
                        module: "std.prelude",
                        name: "log",
                    },
                },
                ResolvedBinding {
                    local_name: "print",
                    symbol: SymbolKey {
                        module: "std.prelude",
                        name: "print",
                    },
                },
                ResolvedBinding {
                    local_name: "some",
                    symbol: SymbolKey {
                        module: "std.prelude",
                        name: "some",
                    },
                },
                ResolvedBinding {
                    local_name: "none",
                    symbol: SymbolKey {
                        module: "std.prelude",
                        name: "none",
                    },
                },
                ResolvedBinding {
                    local_name: "assert_eq",
                    symbol: SymbolKey {
                        module: "std.prelude",
                        name: "assert_eq",
                    },
                },
                ResolvedBinding {
                    local_name: "Show",
                    symbol: SymbolKey {
                        module: "std.prelude",
                        name: "Show",
                    },
                },
                ResolvedBinding {
                    local_name: "Eq",
                    symbol: SymbolKey {
                        module: "std.prelude",
                        name: "Eq",
                    },
                },
                ResolvedBinding {
                    local_name: "Ord",
                    symbol: SymbolKey {
                        module: "std.prelude",
                        name: "Ord",
                    },
                },
                ResolvedBinding {
                    local_name: "Add",
                    symbol: SymbolKey {
                        module: "std.prelude",
                        name: "Add",
                    },
                },
                ResolvedBinding {
                    local_name: "Sub",
                    symbol: SymbolKey {
                        module: "std.prelude",
                        name: "Sub",
                    },
                },
                ResolvedBinding {
                    local_name: "Mul",
                    symbol: SymbolKey {
                        module: "std.prelude",
                        name: "Mul",
                    },
                },
                ResolvedBinding {
                    local_name: "Div",
                    symbol: SymbolKey {
                        module: "std.prelude",
                        name: "Div",
                    },
                },
                ResolvedBinding {
                    local_name: "new",
                    symbol: SymbolKey {
                        module: "std.vec",
                        name: "new",
                    },
                },
                ResolvedBinding {
                    local_name: "push",
                    symbol: SymbolKey {
                        module: "std.vec",
                        name: "push",
                    },
                },
                ResolvedBinding {
                    local_name: "len",
                    symbol: SymbolKey {
                        module: "std.vec",
                        name: "len",
                    },
                },
                ResolvedBinding {
                    local_name: "read_to_string",
                    symbol: SymbolKey {
                        module: "std.fs",
                        name: "read_to_string",
                    },
                },
                ResolvedBinding {
                    local_name: "stdin_line",
                    symbol: SymbolKey {
                        module: "std.io",
                        name: "stdin_line",
                    },
                },
                ResolvedBinding {
                    local_name: "sleep_ms",
                    symbol: SymbolKey {
                        module: "std.sync",
                        name: "sleep_ms",
                    },
                },
                ResolvedBinding {
                    local_name: "new_int",
                    symbol: SymbolKey {
                        module: "std.atomic",
                        name: "new_int",
                    },
                },
                ResolvedBinding {
                    local_name: "parse_ip",
                    symbol: SymbolKey {
                        module: "std.net",
                        name: "parse_ip",
                    },
                },
                ResolvedBinding {
                    local_name: "exp",
                    symbol: SymbolKey {
                        module: "std.math",
                        name: "exp",
                    },
                },
                ResolvedBinding {
                    local_name: "sin",
                    symbol: SymbolKey {
                        module: "std.math",
                        name: "sin",
                    },
                },
                ResolvedBinding {
                    local_name: "cos",
                    symbol: SymbolKey {
                        module: "std.math",
                        name: "cos",
                    },
                },
                ResolvedBinding {
                    local_name: "tanh",
                    symbol: SymbolKey {
                        module: "std.math",
                        name: "tanh",
                    },
                },
                ResolvedBinding {
                    local_name: "sqrt",
                    symbol: SymbolKey {
                        module: "std.math",
                        name: "sqrt",
                    },
                },
                ResolvedBinding {
                    local_name: "Option",
                    symbol: SymbolKey {
                        module: "std.option",
                        name: "Option",
                    },
                },
                ResolvedBinding {
                    local_name: "Result",
                    symbol: SymbolKey {
                        module: "std.result",
                        name: "Result",
                    },
                },
                ResolvedBinding {
                    local_name: "String",
                    symbol: SymbolKey {
                        module: "std.string",
                        name: "String",
                    },
                },
                ResolvedBinding {
                    local_name: "Vec",
                    symbol: SymbolKey {
                        module: "std.vec",
                        name: "Vec",
                    },
                },
                ResolvedBinding {
                    local_name: "HashMap",
                    symbol: SymbolKey {
                        module: "std.map",
                        name: "HashMap",
                    },
                },
                ResolvedBinding {
                    local_name: "HashSet",
                    symbol: SymbolKey {
                        module: "std.set",
                        name: "HashSet",
                    },
                },
                ResolvedBinding {
                    local_name: "Config",
                    symbol: SymbolKey {
                        module: "config",
                        name: "Config",
                    },
                },
            ],
            scope: [
                "int",
                "uint",
                "float",
                "bool",
                "char",
                "str",
                "Never",
                "vec",
                "map",
                "set",
                "log",
                "print",
                "some",
                "none",
                "assert_eq",
                "Show",
                "Eq",
                "Ord",
                "Add",
                "Sub",
                "Mul",
                "Div",
                "new",
                "push",
                "len",
                "read_to_string",
                "stdin_line",
                "sleep_ms",
                "new_int",
                "parse_ip",
                "exp",
                "sin",
                "cos",
                "tanh",
                "sqrt",
                "Option",
                "Result",
                "String",
                "Vec",
                "HashMap",
                "HashSet",
                "Config",
            ],
        },
        ResolvedModule {
            module_path: "greet",
            file: "./src/greet.crp",
            imports: [
                ResolvedBinding {
                    local_name: "int",
                    symbol: SymbolKey {
                        module: "std.prelude",
                        name: "int",
                    },
                },
                ResolvedBinding {
                    local_name: "uint",
                    symbol: SymbolKey {
                        module: "std.prelude",
                        name: "uint",
                    },
                },
                ResolvedBinding {
                    local_name: "float",
                    symbol: SymbolKey {
                        module: "std.prelude",
                        name: "float",
                    },
                },
                ResolvedBinding {
                    local_name: "bool",
                    symbol: SymbolKey {
                        module: "std.prelude",
                        name: "bool",
                    },
                },
                ResolvedBinding {
                    local_name: "char",
                    symbol: SymbolKey {
                        module: "std.prelude",
                        name: "char",
                    },
                },
                ResolvedBinding {
                    local_name: "str",
                    symbol: SymbolKey {
                        module: "std.prelude",
                        name: "str",
                    },
                },
                ResolvedBinding {
                    local_name: "Never",
                    symbol: SymbolKey {
                        module: "std.prelude",
                        name: "Never",
                    },
                },
                ResolvedBinding {
                    local_name: "vec",
                    symbol: SymbolKey {
                        module: "std.prelude",
                        name: "vec",
                    },
                },
                ResolvedBinding {
                    local_name: "map",
                    symbol: SymbolKey {
                        module: "std.prelude",
                        name: "map",
                    },
                },
                ResolvedBinding {
                    local_name: "set",
                    symbol: SymbolKey {
                        module: "std.prelude",
                        name: "set",
                    },
                },
                ResolvedBinding {
                    local_name: "log",
                    symbol: SymbolKey {
                        module: "std.prelude",
                        name: "log",
                    },
                },
                ResolvedBinding {
                    local_name: "print",
                    symbol: SymbolKey {
                        module: "std.prelude",
                        name: "print",
                    },
                },
                ResolvedBinding {
                    local_name: "some",
                    symbol: SymbolKey {
                        module: "std.prelude",
                        name: "some",
                    },
                },
                ResolvedBinding {
                    local_name: "none",
                    symbol: SymbolKey {
                        module: "std.prelude",
                        name: "none",
                    },
                },
                ResolvedBinding {
                    local_name: "assert_eq",
                    symbol: SymbolKey {
                        module: "std.prelude",
                        name: "assert_eq",
                    },
                },
                ResolvedBinding {
                    local_name: "Show",
                    symbol: SymbolKey {
                        module: "std.prelude",
                        name: "Show",
                    },
                },
                ResolvedBinding {
                    local_name: "Eq",
                    symbol: SymbolKey {
                        module: "std.prelude",
                        name: "Eq",
                    },
                },
                ResolvedBinding {
                    local_name: "Ord",
                    symbol: SymbolKey {
                        module: "std.prelude",
                        name: "Ord",
                    },
                },
                ResolvedBinding {
                    local_name: "Add",
                    symbol: SymbolKey {
                        module: "std.prelude",
                        name: "Add",
                    },
                },
                ResolvedBinding {
                    local_name: "Sub",
                    symbol: SymbolKey {
                        module: "std.prelude",
                        name: "Sub",
                    },
                },
                ResolvedBinding {
                    local_name: "Mul",
                    symbol: SymbolKey {
                        module: "std.prelude",
                        name: "Mul",
                    },
                },
                ResolvedBinding {
                    local_name: "Div",
                    symbol: SymbolKey {
                        module: "std.prelude",
                        name: "Div",
                    },
                },
                ResolvedBinding {
                    local_name: "new",
                    symbol: SymbolKey {
                        module: "std.vec",
                        name: "new",
                    },
                },
                ResolvedBinding {
                    local_name: "push",
                    symbol: SymbolKey {
                        module: "std.vec",
                        name: "push",
                    },
                },
                ResolvedBinding {
                    local_name: "len",
                    symbol: SymbolKey {
                        module: "std.vec",
                        name: "len",
                    },
                },
                ResolvedBinding {
                    local_name: "read_to_string",
                    symbol: SymbolKey {
                        module: "std.fs",
                        name: "read_to_string",
                    },
                },
                ResolvedBinding {
                    local_name: "stdin_line",
                    symbol: SymbolKey {
                        module: "std.io",
                        name: "stdin_line",
                    },
                },
                ResolvedBinding {
                    local_name: "sleep_ms",
                    symbol: SymbolKey {
                        module: "std.sync",
                        name: "sleep_ms",
                    },
                },
                ResolvedBinding {
                    local_name: "new_int",
                    symbol: SymbolKey {
                        module: "std.atomic",
                        name: "new_int",
                    },
                },
                ResolvedBinding {
                    local_name: "parse_ip",
                    symbol: SymbolKey {
                        module: "std.net",
                        name: "parse_ip",
                    },
                },
                ResolvedBinding {
                    local_name: "exp",
                    symbol: SymbolKey {
                        module: "std.math",
                        name: "exp",
                    },
                },
                ResolvedBinding {
                    local_name: "sin",
                    symbol: SymbolKey {
                        module: "std.math",
                        name: "sin",
                    },
                },
                ResolvedBinding {
                    local_name: "cos",
                    symbol: SymbolKey {
                        module: "std.math",
                        name: "cos",
                    },
                },
                ResolvedBinding {
                    local_name: "tanh",
                    symbol: SymbolKey {
                        module: "std.math",
                        name: "tanh",
                    },
                },
                ResolvedBinding {
                    local_name: "sqrt",
                    symbol: SymbolKey {
                        module: "std.math",
                        name: "sqrt",
                    },
                },
                ResolvedBinding {
                    local_name: "Option",
                    symbol: SymbolKey {
                        module: "std.option",
                        name: "Option",
                    },
                },
                ResolvedBinding {
                    local_name: "Result",
                    symbol: SymbolKey {
                        module: "std.result",
                        name: "Result",
                    },
                },
                ResolvedBinding {
                    local_name: "String",
                    symbol: SymbolKey {
                        module: "std.string",
                        name: "String",
                    },
                },
                ResolvedBinding {
                    local_name: "Vec",
                    symbol: SymbolKey {
                        module: "std.vec",
                        name: "Vec",
                    },
                },
                ResolvedBinding {
                    local_name: "HashMap",
                    symbol: SymbolKey {
                        module: "std.map",
                        name: "HashMap",
                    },
                },
                ResolvedBinding {
                    local_name: "HashSet",
                    symbol: SymbolKey {
                        module: "std.set",
                        name: "HashSet",
                    },
                },
                ResolvedBinding {
                    local_name: "greet",
                    symbol: SymbolKey {
                        module: "greet",
                        name: "greet",
                    },
                },
            ],
            scope: [
                "int",
                "uint",
                "float",
                "bool",
                "char",
                "str",
                "Never",
                "vec",
                "map",
                "set",
                "log",
                "print",
                "some",
                "none",
                "assert_eq",
                "Show",
                "Eq",
                "Ord",
                "Add",
                "Sub",
                "Mul",
                "Div",
                "new",
                "push",
                "len",
                "read_to_string",
                "stdin_line",
                "sleep_ms",
                "new_int",
                "parse_ip",
                "exp",
                "sin",
                "cos",
                "tanh",
                "sqrt",
                "Option",
                "Result",
                "String",
                "Vec",
                "HashMap",
                "HashSet",
                "greet",
            ],
        },
        ResolvedModule {
            module_path: "main",
            file: "./src/main.crp",
            imports: [
                ResolvedBinding {
                    local_name: "int",
                    symbol: SymbolKey {
                        module: "std.prelude",
                        name: "int",
                    },
                },
                ResolvedBinding {
                    local_name: "uint",
                    symbol: SymbolKey {
                        module: "std.prelude",
                        name: "uint",
                    },
                },
                ResolvedBinding {
                    local_name: "float",
                    symbol: SymbolKey {
                        module: "std.prelude",
                        name: "float",
                    },
                },
                ResolvedBinding {
                    local_name: "bool",
                    symbol: SymbolKey {
                        module: "std.prelude",
                        name: "bool",
                    },
                },
                ResolvedBinding {
                    local_name: "char",
                    symbol: SymbolKey {
                        module: "std.prelude",
                        name: "char",
                    },
                },
                ResolvedBinding {
                    local_name: "str",
                    symbol: SymbolKey {
                        module: "std.prelude",
                        name: "str",
                    },
                },
                ResolvedBinding {
                    local_name: "Never",
                    symbol: SymbolKey {
                        module: "std.prelude",
                        name: "Never",
                    },
                },
                ResolvedBinding {
                    local_name: "vec",
                    symbol: SymbolKey {
                        module: "std.prelude",
                        name: "vec",
                    },
                },
                ResolvedBinding {
                    local_name: "map",
                    symbol: SymbolKey {
                        module: "std.prelude",
                        name: "map",
                    },
                },
                ResolvedBinding {
                    local_name: "set",
                    symbol: SymbolKey {
                        module: "std.prelude",
                        name: "set",
                    },
                },
                ResolvedBinding {
                    local_name: "log",
                    symbol: SymbolKey {
                        module: "std.prelude",
                        name: "log",
                    },
                },
                ResolvedBinding {
                    local_name: "print",
                    symbol: SymbolKey {
                        module: "std.prelude",
                        name: "print",
                    },
                },
                ResolvedBinding {
                    local_name: "some",
                    symbol: SymbolKey {
                        module: "std.prelude",
                        name: "some",
                    },
                },
                ResolvedBinding {
                    local_name: "none",
                    symbol: SymbolKey {
                        module: "std.prelude",
                        name: "none",
                    },
                },
                ResolvedBinding {
                    local_name: "assert_eq",
                    symbol: SymbolKey {
                        module: "std.prelude",
                        name: "assert_eq",
                    },
                },
                ResolvedBinding {
                    local_name: "Show",
                    symbol: SymbolKey {
                        module: "std.prelude",
                        name: "Show",
                    },
                },
                ResolvedBinding {
                    local_name: "Eq",
                    symbol: SymbolKey {
                        module: "std.prelude",
                        name: "Eq",
                    },
                },
                ResolvedBinding {
                    local_name: "Ord",
                    symbol: SymbolKey {
                        module: "std.prelude",
                        name: "Ord",
                    },
                },
                ResolvedBinding {
                    local_name: "Add",
                    symbol: SymbolKey {
                        module: "std.prelude",
                        name: "Add",
                    },
                },
                ResolvedBinding {
                    local_name: "Sub",
                    symbol: SymbolKey {
                        module: "std.prelude",
                        name: "Sub",
                    },
                },
                ResolvedBinding {
                    local_name: "Mul",
                    symbol: SymbolKey {
                        module: "std.prelude",
                        name: "Mul",
                    },
                },
                ResolvedBinding {
                    local_name: "Div",
                    symbol: SymbolKey {
                        module: "std.prelude",
                        name: "Div",
                    },
                },
                ResolvedBinding {
                    local_name: "new",
                    symbol: SymbolKey {
                        module: "std.vec",
                        name: "new",
                    },
                },
                ResolvedBinding {
                    local_name: "push",
                    symbol: SymbolKey {
                        module: "std.vec",
                        name: "push",
                    },
                },
                ResolvedBinding {
                    local_name: "len",
                    symbol: SymbolKey {
                        module: "std.vec",
                        name: "len",
                    },
                },
                ResolvedBinding {
                    local_name: "read_to_string",
                    symbol: SymbolKey {
                        module: "std.fs",
                        name: "read_to_string",
                    },
                },
                ResolvedBinding {
                    local_name: "stdin_line",
                    symbol: SymbolKey {
                        module: "std.io",
                        name: "stdin_line",
                    },
                },
                ResolvedBinding {
                    local_name: "sleep_ms",
                    symbol: SymbolKey {
                        module: "std.sync",
                        name: "sleep_ms",
                    },
                },
                ResolvedBinding {
                    local_name: "new_int",
                    symbol: SymbolKey {
                        module: "std.atomic",
                        name: "new_int",
                    },
                },
                ResolvedBinding {
                    local_name: "parse_ip",
                    symbol: SymbolKey {
                        module: "std.net",
                        name: "parse_ip",
                    },
                },
                ResolvedBinding {
                    local_name: "exp",
                    symbol: SymbolKey {
                        module: "std.math",
                        name: "exp",
                    },
                },
                ResolvedBinding {
                    local_name: "sin",
                    symbol: SymbolKey {
                        module: "std.math",
                        name: "sin",
                    },
                },
                ResolvedBinding {
                    local_name: "cos",
                    symbol: SymbolKey {
                        module: "std.math",
                        name: "cos",
                    },
                },
                ResolvedBinding {
                    local_name: "tanh",
                    symbol: SymbolKey {
                        module: "std.math",
                        name: "tanh",
                    },
                },
                ResolvedBinding {
                    local_name: "sqrt",
                    symbol: SymbolKey {
                        module: "std.math",
                        name: "sqrt",
                    },
                },
                ResolvedBinding {
                    local_name: "Option",
                    symbol: SymbolKey {
                        module: "std.option",
                        name: "Option",
                    },
                },
                ResolvedBinding {
                    local_name: "Result",
                    symbol: SymbolKey {
                        module: "std.result",
                        name: "Result",
                    },
                },
                ResolvedBinding {
                    local_name: "String",
                    symbol: SymbolKey {
                        module: "std.string",
                        name: "String",
                    },
                },
                ResolvedBinding {
                    local_name: "Vec",
                    symbol: SymbolKey {
                        module: "std.vec",
                        name: "Vec",
                    },
                },
                ResolvedBinding {
                    local_name: "HashMap",
                    symbol: SymbolKey {
                        module: "std.map",
                        name: "HashMap",
                    },
                },
                ResolvedBinding {
                    local_name: "HashSet",
                    symbol: SymbolKey {
                        module: "std.set",
                        name: "HashSet",
                    },
                },
                ResolvedBinding {
                    local_name: "main",
                    symbol: SymbolKey {
                        module: "main",
                        name: "main",
                    },
                },
                ResolvedBinding {
                    local_name: "Config",
                    symbol: SymbolKey {
                        module: "config",
                        name: "Config",
                    },
                },
                ResolvedBinding {
                    local_name: "greet",
                    symbol: SymbolKey {
                        module: "greet",
                        name: "greet",
                    },
                },
            ],
            scope: [
                "int",
                "uint",
                "float",
                "bool",
                "char",
                "str",
                "Never",
                "vec",
                "map",
                "set",
                "log",
                "print",
                "some",
                "none",
                "assert_eq",
                "Show",
                "Eq",
                "Ord",
                "Add",
                "Sub",
                "Mul",
                "Div",
                "new",
                "push",
                "len",
                "read_to_string",
                "stdin_line",
                "sleep_ms",
                "new_int",
                "parse_ip",
                "exp",
                "sin",
                "cos",
                "tanh",
                "sqrt",
                "Option",
                "Result",
                "String",
                "Vec",
                "HashMap",
                "HashSet",
                "main",
                "Config",
                "greet",
            ],
        },
    ],
    symbol_count: 44,
    rust_imports: [],
    warnings: [],
}
